gplink-2.2.37 (Jan 22 2024)
Map File - Created 2026-5-18  17:29:23
 
                                 Section Info
                  Section       Type    Address   Location Size(Bytes)
                ---------  ---------  ---------  ---------  ---------
                  STARTUP       code   00000000    program   0x000002
              code_timer1       code   0x000001    program   0x00000e
              c_interrupt       code   0x000008    program   0x0000f0
           code_MC30P6280       code   0x000080    program   0x0005e2
                   .cinit       code   0x000371    program   0x0000c4
              code_timer0       code   0x0003d3    program   0x00000c
         ID_MC30P6280_3_i       code   0x0003d9    program   0x000008
         ID_MC30P6280_6_i       code   0x0003dd    program   0x000004
         ID_MC30P6280_0_i       code   0x0003df    program   0x000002
         ID_MC30P6280_1_i       code   0x0003e0    program   0x000002
         ID_MC30P6280_2_i       code   0x0003e1    program   0x000002
         ID_MC30P6280_4_i       code   0x0003e2    program   0x000002
         ID_MC30P6280_5_i       code   0x0003e3    program   0x000002
         ID_MC30P6280_7_i       code   0x0003e4    program   0x000002
         ID_MC30P6280_8_i       code   0x0003e5    program   0x000002
         ID_MC30P6280_9_i       code   0x0003e6    program   0x000002
        ID_MC30P6280_10_i       code   0x0003e7    program   0x000002
        ID_MC30P6280_11_i       code   0x0003e8    program   0x000002
        ID_MC30P6280_12_i       code   0x0003e9    program   0x000002
        ID_MC30P6280_13_i       code   0x0003ea    program   0x000002
        ID_MC30P6280_14_i       code   0x0003eb    program   0x000002
        ID_MC30P6280_15_i       code   0x0003ec    program   0x000002
           ID_MC30P6280_3      idata   0x000026       data   0x000004
           ID_MC30P6280_6      idata   0x00002a       data   0x000002
           ID_MC30P6280_0      idata   0x000030       data   0x000001
           ID_MC30P6280_1      idata   0x000031       data   0x000001
           ID_MC30P6280_2      idata   0x000032       data   0x000001
           ID_MC30P6280_4      idata   0x000033       data   0x000001
           ID_MC30P6280_5      idata   0x000034       data   0x000001
           ID_MC30P6280_7      idata   0x000035       data   0x000001
           ID_MC30P6280_8      idata   0x000036       data   0x000001
           ID_MC30P6280_9      idata   0x000037       data   0x000001
          ID_MC30P6280_10      idata   0x000038       data   0x000001
          ID_MC30P6280_11      idata   0x000039       data   0x000001
          ID_MC30P6280_12      idata   0x00003a       data   0x000001
          ID_MC30P6280_13      idata   0x00003b       data   0x000001
          ID_MC30P6280_14      idata   0x00003c       data   0x000001
          ID_MC30P6280_15      idata   0x00003d       data   0x000001
       UD_abs_mc30p6280_0      udata   00000000       data   0x000001
       UD_abs_mc30p6280_1      udata   0x000001       data   0x000001
       UD_abs_mc30p6280_2      udata   0x000002       data   0x000001
       UD_abs_mc30p6280_3      udata   0x000003       data   0x000001
       UD_abs_mc30p6280_4      udata   0x000004       data   0x000001
       UD_abs_mc30p6280_6      udata   0x000006       data   0x000001
       UD_abs_mc30p6280_8      udata   0x000008       data   0x000001
       UD_abs_mc30p6280_9      udata   0x000009       data   0x000001
       UD_abs_mc30p6280_a      udata   0x00000a       data   0x000001
       UD_abs_mc30p6280_b      udata   0x00000b       data   0x000001
       UD_abs_mc30p6280_c      udata   0x00000c       data   0x000001
       UD_abs_mc30p6280_d      udata   0x00000d       data   0x000001
       UD_abs_mc30p6280_e      udata   0x00000e       data   0x000001
       UD_abs_mc30p6280_f      udata   0x00000f       data   0x000001
                sharebank      udata   0x000010       data   0x000007
          UDL_MC30P6280_0      udata   0x000017       data   0x00000f
           UD_MC30P6280_0      udata   0x00002c       data   0x000001
           UD_MC30P6280_1      udata   0x00002d       data   0x000001
           UD_MC30P6280_2      udata   0x00002e       data   0x000001
           UD_MC30P6280_3      udata   0x00002f       data   0x000001
      UD_abs_mc30p6280_41      udata   0x000041       data   0x000001
      UD_abs_mc30p6280_46      udata   0x000046       data   0x000001
      UD_abs_mc30p6280_4b      udata   0x00004b       data   0x000001
      UD_abs_mc30p6280_4c      udata   0x00004c       data   0x000001
      UD_abs_mc30p6280_4d      udata   0x00004d       data   0x000001
      UD_abs_mc30p6280_4e      udata   0x00004e       data   0x000001
      UD_abs_mc30p6280_4f      udata   0x00004f       data   0x000001
 
                              Program Memory Usage
                               Start         End
                           ---------   ---------
                            0x0003df    0x0003df
                            0x0003e0    0x0003e0
                            0x0003e1    0x0003e1
                            0x0003d9    0x0003dc
                            0x0003e2    0x0003e2
                            0x0003e3    0x0003e3
                            0x0003dd    0x0003de
                            0x0003e4    0x0003e4
                            0x0003e5    0x0003e5
                            0x0003e6    0x0003e6
                            0x0003e7    0x0003e7
                            0x0003e8    0x0003e8
                            0x0003e9    0x0003e9
                            0x0003ea    0x0003ea
                            0x0003eb    0x0003eb
                            0x0003ec    0x0003ec
                            00000000    00000000
                            0x000008    0x00007f
                            0x000080    0x000370
                            0x0003d3    0x0003d8
                            0x000001    0x000007
                            0x000371    0x0003d2
 
                            1005 program addresses used
 
                              Symbols
                     Name    Address   Location    Storage File
                ---------  ---------  ---------  --------- ---------
                    STK06   0x000010       data     extern MC30P6280.asm
                    STK05   0x000011       data     extern MC30P6280.asm
                    STK04   0x000012       data     extern MC30P6280.asm
                    STK03   0x000013       data     extern MC30P6280.asm
                    STK02   0x000014       data     extern MC30P6280.asm
                    STK01   0x000015       data     extern MC30P6280.asm
                    STK00   0x000016       data     extern MC30P6280.asm
                    _abuf   0x00002c       data     extern MC30P6280.asm
               _statusbuf   0x00002d       data     extern MC30P6280.asm
                   _flag1   0x00002e       data     extern MC30P6280.asm
                   _flag2   0x00002f       data     extern MC30P6280.asm
                  r0x1024   0x000017       data     static MC30P6280.asm
                  r0x101C   0x000018       data     static MC30P6280.asm
                  r0x101B   0x000019       data     static MC30P6280.asm
                  r0x101A   0x00001a       data     static MC30P6280.asm
                  r0x1019   0x00001b       data     static MC30P6280.asm
                  r0x101D   0x00001c       data     static MC30P6280.asm
                  r0x101E   0x00001d       data     static MC30P6280.asm
                  r0x101F   0x00001e       data     static MC30P6280.asm
                  r0x1020   0x00001f       data     static MC30P6280.asm
                  r0x1023   0x000020       data     static MC30P6280.asm
                  r0x1022   0x000021       data     static MC30P6280.asm
                  r0x1021   0x000022       data     static MC30P6280.asm
_led_refresh_sta_65536_104   0x000023       data     static MC30P6280.asm
  _int_isr_cnt_196608_121   0x000024       data     static MC30P6280.asm
  _int_isr_cnt_196608_140   0x000025       data     static MC30P6280.asm
         _cur_cmp_bat_lev   0x000030       data     extern MC30P6280.asm
             _tmp_bat_lev   0x000031       data     extern MC30P6280.asm
                 _bat_lev   0x000032       data     extern MC30P6280.asm
             _pwr_off_cnt   0x000026       data     extern MC30P6280.asm
      _into_low_power_cnt   0x000033       data     extern MC30P6280.asm
       _charge_anim_phase   0x000034       data     extern MC30P6280.asm
        _charge_fully_cnt   0x00002a       data     extern MC30P6280.asm
     _led_sta_reflash_cnt   0x000035       data     extern MC30P6280.asm
           _cur_lvd_state   0x000036       data     static MC30P6280.asm
             _last_key_id   0x000037       data     static MC30P6280.asm
               _press_cnt   0x000038       data     static MC30P6280.asm
              _filter_cnt   0x000039       data     static MC30P6280.asm
           _filter_key_id   0x00003a       data     static MC30P6280.asm
         _click_delay_cnt   0x00003b       data     static MC30P6280.asm
               _click_cnt   0x00003c       data     static MC30P6280.asm
              _cur_key_id   0x00003d       data     extern MC30P6280.asm
         __sdcc_interrupt   0x000008    program     static MC30P6280.asm
                 _int_isr   0x000008    program     extern MC30P6280.asm
               _00746_DS_   0x00002a    program     static MC30P6280.asm
               _00638_DS_   0x000034    program     static MC30P6280.asm
               _00639_DS_   0x000038    program     static MC30P6280.asm
               _00641_DS_   0x000041    program     static MC30P6280.asm
               _00646_DS_   0x000053    program     static MC30P6280.asm
               _00647_DS_   0x000054    program     static MC30P6280.asm
               _00651_DS_   0x00005e    program     static MC30P6280.asm
               _00655_DS_   0x00005f    program     static MC30P6280.asm
               _00661_DS_   0x000068    program     static MC30P6280.asm
               _00664_DS_   0x00006e    program     static MC30P6280.asm
               _00669_DS_   0x00007b    program     static MC30P6280.asm
         END_OF_INTERRUPT   0x00007f    program     static MC30P6280.asm
                    _main   0x000080    program     extern MC30P6280.asm
               _00602_DS_   0x000084    program     static MC30P6280.asm
               _00630_DS_   0x000094    program     static MC30P6280.asm
               _00600_DS_   0x000096    program     static MC30P6280.asm
               _00590_DS_   0x00009a    program     static MC30P6280.asm
               _00592_DS_   0x0000bb    program     static MC30P6280.asm
               _00593_DS_   0x0000bd    program     static MC30P6280.asm
             _led_refresh   0x0000ce    program     extern MC30P6280.asm
               _00543_DS_   0x0000d1    program     static MC30P6280.asm
               _00585_DS_   0x0000df    program     static MC30P6280.asm
               _00544_DS_   0x0000e3    program     static MC30P6280.asm
               _00546_DS_   0x0000e6    program     static MC30P6280.asm
               _00547_DS_   0x0000e9    program     static MC30P6280.asm
               _00549_DS_   0x0000ec    program     static MC30P6280.asm
               _00550_DS_   0x0000ef    program     static MC30P6280.asm
               _00552_DS_   0x0000f2    program     static MC30P6280.asm
               _00553_DS_   0x0000f5    program     static MC30P6280.asm
               _00555_DS_   0x0000f8    program     static MC30P6280.asm
               _00558_DS_   0x0000f9    program     static MC30P6280.asm
       _led_status_handle   0x0000fa    program     extern MC30P6280.asm
               _00372_DS_   0x00010a    program     static MC30P6280.asm
               _00368_DS_   0x000116    program     static MC30P6280.asm
               _00364_DS_   0x000122    program     static MC30P6280.asm
               _00360_DS_   0x00012e    program     static MC30P6280.asm
               _00356_DS_   0x00013a    program     static MC30P6280.asm
               _00389_DS_   0x00013e    program     static MC30P6280.asm
               _00528_DS_   0x00014b    program     static MC30P6280.asm
               _00375_DS_   0x000152    program     static MC30P6280.asm
               _00376_DS_   0x00015d    program     static MC30P6280.asm
               _00377_DS_   0x000168    program     static MC30P6280.asm
               _00380_DS_   0x000173    program     static MC30P6280.asm
               _00381_DS_   0x00017d    program     static MC30P6280.asm
               _00383_DS_   0x000182    program     static MC30P6280.asm
               _00385_DS_   0x000187    program     static MC30P6280.asm
               _00407_DS_   0x00018d    program     static MC30P6280.asm
               _00401_DS_   0x000198    program     static MC30P6280.asm
               _00398_DS_   0x0001a1    program     static MC30P6280.asm
               _00395_DS_   0x0001aa    program     static MC30P6280.asm
               _00392_DS_   0x0001b3    program     static MC30P6280.asm
               _00404_DS_   0x0001c1    program     static MC30P6280.asm
               _00410_DS_   0x0001c5    program     static MC30P6280.asm
               _00537_DS_   0x0001d3    program     static MC30P6280.asm
               _00412_DS_   0x0001d9    program     static MC30P6280.asm
               _00419_DS_   0x0001da    program     static MC30P6280.asm
                _key_scan   0x0001db    program     extern MC30P6280.asm
               _00263_DS_   0x0001e5    program     static MC30P6280.asm
               _00265_DS_   0x0001f1    program     static MC30P6280.asm
               _00266_DS_   0x0001f8    program     static MC30P6280.asm
               _00348_DS_   0x0001fd    program     static MC30P6280.asm
               _00268_DS_   0x000201    program     static MC30P6280.asm
               _00270_DS_   0x000207    program     static MC30P6280.asm
               _00350_DS_   0x00020c    program     static MC30P6280.asm
               _00272_DS_   0x000212    program     static MC30P6280.asm
               _00273_DS_   0x000214    program     static MC30P6280.asm
               _00275_DS_   0x000228    program     static MC30P6280.asm
               _00276_DS_   0x00022d    program     static MC30P6280.asm
               _00292_DS_   0x00022f    program     static MC30P6280.asm
               _00282_DS_   0x00023d    program     static MC30P6280.asm
               _00289_DS_   0x000243    program     static MC30P6280.asm
               _00293_DS_   0x000248    program     static MC30P6280.asm
               _00294_DS_   0x00024a    program     static MC30P6280.asm
                 _led4_on   0x00024b    program     extern MC30P6280.asm
                 _led3_on   0x000250    program     extern MC30P6280.asm
                 _led2_on   0x000255    program     extern MC30P6280.asm
                 _led1_on   0x00025a    program     extern MC30P6280.asm
             _led_all_off   0x00025f    program     extern MC30P6280.asm
             _pen_pwr_off   0x000264    program     extern MC30P6280.asm
              _pen_pwr_on   0x000268    program     extern MC30P6280.asm
               _user_init   0x00026b    program     extern MC30P6280.asm
                _delay_ms   0x00027b    program     extern MC30P6280.asm
               _00222_DS_   0x000282    program     static MC30P6280.asm
               _00219_DS_   0x00028c    program     static MC30P6280.asm
               _00221_DS_   0x00029a    program     static MC30P6280.asm
               _00225_DS_   0x0002a6    program     static MC30P6280.asm
                _Sys_Init   0x0002a7    program     extern MC30P6280.asm
                _lvd_scan   0x0002ac    program     extern MC30P6280.asm
               _00201_DS_   0x0002ba    program     static MC30P6280.asm
               _00114_DS_   0x0002c9    program     static MC30P6280.asm
               _00115_DS_   0x0002d0    program     static MC30P6280.asm
               _00116_DS_   0x0002d7    program     static MC30P6280.asm
               _00117_DS_   0x0002de    program     static MC30P6280.asm
               _00118_DS_   0x0002e5    program     static MC30P6280.asm
               _00119_DS_   0x0002ec    program     static MC30P6280.asm
               _00120_DS_   0x0002f3    program     static MC30P6280.asm
               _00121_DS_   0x0002fa    program     static MC30P6280.asm
               _00122_DS_   0x0002ff    program     static MC30P6280.asm
               _00123_DS_   0x000304    program     static MC30P6280.asm
               _00124_DS_   0x000309    program     static MC30P6280.asm
               _00125_DS_   0x00030e    program     static MC30P6280.asm
               _00126_DS_   0x000313    program     static MC30P6280.asm
               _00127_DS_   0x000318    program     static MC30P6280.asm
               _00128_DS_   0x00031b    program     static MC30P6280.asm
               _00202_DS_   0x000320    program     static MC30P6280.asm
               _00203_DS_   0x000325    program     static MC30P6280.asm
               _00204_DS_   0x00032a    program     static MC30P6280.asm
               _00205_DS_   0x00032f    program     static MC30P6280.asm
               _00206_DS_   0x000334    program     static MC30P6280.asm
               _00207_DS_   0x000339    program     static MC30P6280.asm
               _00142_DS_   0x00033d    program     static MC30P6280.asm
               _00130_DS_   0x00034c    program     static MC30P6280.asm
               _00140_DS_   0x00034e    program     static MC30P6280.asm
               _00210_DS_   0x000357    program     static MC30P6280.asm
               _00135_DS_   0x00035c    program     static MC30P6280.asm
               _00150_DS_   0x00035e    program     static MC30P6280.asm
                 _IO_Init   0x00035f    program     extern MC30P6280.asm
                   _C_RAM   0x000367    program     extern MC30P6280.asm
     _code_MC30P6280_02EE   0x00036e    program     static MC30P6280.asm
             _timer0_init   0x0003d3    program     extern timer0.asm
             _timer1_init   0x000001    program     extern timer1.asm
                _INDFbits   00000000       data     extern mc30p6280.asm
                    _INDF   00000000       data     extern mc30p6280.asm
               _T0CNTbits   0x000001       data     extern mc30p6280.asm
                   _T0CNT   0x000001       data     extern mc30p6280.asm
                 _PCLbits   0x000002       data     extern mc30p6280.asm
                     _PCL   0x000002       data     extern mc30p6280.asm
              _STATUSbits   0x000003       data     extern mc30p6280.asm
                  _STATUS   0x000003       data     extern mc30p6280.asm
                 _FSRbits   0x000004       data     extern mc30p6280.asm
                     _FSR   0x000004       data     extern mc30p6280.asm
                  _P1bits   0x000006       data     extern mc30p6280.asm
                      _P1   0x000006       data     extern mc30p6280.asm
                 _MCRbits   0x000008       data     extern mc30p6280.asm
                     _MCR   0x000008       data     extern mc30p6280.asm
              _P1KBCRbits   0x000009       data     extern mc30p6280.asm
                  _P1KBCR   0x000009       data     extern mc30p6280.asm
              _PCLATHbits   0x00000a       data     extern mc30p6280.asm
                  _PCLATH   0x00000a       data     extern mc30p6280.asm
               _PDCONbits   0x00000b       data     extern mc30p6280.asm
                   _PDCON   0x00000b       data     extern mc30p6280.asm
               _ODCONbits   0x00000c       data     extern mc30p6280.asm
                   _ODCON   0x00000c       data     extern mc30p6280.asm
               _PUCONbits   0x00000d       data     extern mc30p6280.asm
                   _PUCON   0x00000d       data     extern mc30p6280.asm
                _INTEbits   0x00000e       data     extern mc30p6280.asm
                    _INTE   0x00000e       data     extern mc30p6280.asm
                _INTFbits   0x00000f       data     extern mc30p6280.asm
                    _INTF   0x00000f       data     extern mc30p6280.asm
                _T0CRbits   0x000041       data     extern mc30p6280.asm
                    _T0CR   0x000041       data     extern mc30p6280.asm
                _DDR1bits   0x000046       data     extern mc30p6280.asm
                    _DDR1   0x000046       data     extern mc30p6280.asm
               _TMRCRbits   0x00004b       data     extern mc30p6280.asm
                   _TMRCR   0x00004b       data     extern mc30p6280.asm
                _T1CRbits   0x00004c       data     extern mc30p6280.asm
                    _T1CR   0x00004c       data     extern mc30p6280.asm
               _T1CNTbits   0x00004d       data     extern mc30p6280.asm
                   _T1CNT   0x00004d       data     extern mc30p6280.asm
              _T1LOADbits   0x00004e       data     extern mc30p6280.asm
                  _T1LOAD   0x00004e       data     extern mc30p6280.asm
              _T1DATAbits   0x00004f       data     extern mc30p6280.asm
                  _T1DATA   0x00004f       data     extern mc30p6280.asm
                   _cinit   0x000371    program     extern  
 
